../Core/Src/main.c:91:6:INA226_Init	32	static
../Core/Src/main.c:126:6:INA226_ReadCurrent	48	static
../Core/Src/main.c:151:6:debugFTDI	472	static
../Core/Src/main.c:170:6:processUart1Command	200	static
../Core/Src/main.c:224:6:HAL_UART_RxCpltCallback	16	static
../Core/Src/main.c:260:5:main	16	static
../Core/Src/main.c:323:6:SystemClock_Config	88	static
../Core/Src/main.c:373:13:MX_I2C1_Init	8	static
../Core/Src/main.c:407:13:MX_USART1_UART_Init	8	static
../Core/Src/main.c:440:13:MX_GPIO_Init	48	static
../Core/Src/main.c:476:6:Error_Handler	4	static,ignoring_inline_asm
