14:54:09 **** Incremental Build of configuration Debug for project INA226 ****
make -j7 all 
arm-none-eabi-gcc "../Core/Src/main.c" -mcpu=cortex-m4 -std=gnu11 -g3 -DDEBUG -DUSE_HAL_DRIVER -DSTM32F401xC -c -I../Core/Inc -I../Drivers/STM32F4xx_HAL_Driver/Inc -I../Drivers/STM32F4xx_HAL_Driver/Inc/Legacy -I../Drivers/CMSIS/Device/ST/STM32F4xx/Include -I../Drivers/CMSIS/Include -O0 -ffunction-sections -fdata-sections -Wall -fstack-usage -fcyclomatic-complexity -MMD -MP -MF"Core/Src/main.d" -MT"Core/Src/main.o" --specs=nano.specs -mfpu=fpv4-sp-d16 -mfloat-abi=hard -mthumb -o "Core/Src/main.o"
../Core/Src/main.c: In function 'main':
../Core/Src/main.c:299:9: warning: unused variable 'current' [-Wunused-variable]
  299 |   float current;
      |         ^~~~~~~
arm-none-eabi-gcc -o "INA226.elf" @"objects.list"   -mcpu=cortex-m4 -T"/Users/macbook/STM32CubeIDE/workspace_1.18.1/evse_stm32f401ccu6/STM32F401CCU6_INA226/INA226/STM32F401CCUX_FLASH.ld" --specs=nosys.specs -Wl,-Map="INA226.map" -Wl,--gc-sections -static --specs=nano.specs -mfpu=fpv4-sp-d16 -mfloat-abi=hard -mthumb -Wl,--start-group -lc -lm -Wl,--end-group
Finished building target: INA226.elf
 
arm-none-eabi-size  INA226.elf 
arm-none-eabi-objdump -h -S INA226.elf  > "INA226.list"
   text	   data	    bss	    dec	    hex	filename
  17392	     92	   2060	  19544	   4c58	INA226.elf
Finished building: default.size.stdout
 
Finished building: INA226.list
 

14:54:09 Build Finished. 0 errors, 1 warnings. (took 787ms)

